Last login: Mon Mar 19 13:52:20 on ttys001
SP:~ sehejpahujaa$ cd workspace/
SP:workspace sehejpahujaa$ ls
TE1-1					my-awesome-site
TE1-2					mywebsite
code-sprints-sehejpahujaa		sehejpahujaa.github.io
custom-animation-sehejpahujaa		squares-and-circles-sehejpahujaa
custom-animation-sehejpahujaa1
SP:workspace sehejpahujaa$ cd ..
SP:~ sehejpahujaa$ ls
Adlm			Downloads		Public
Applications		Library			iCloud Drive (Archive)
Creative Cloud Files	Movies			workspace
Desktop			Music
Documents		Pictures
SP:~ sehejpahujaa$ cd workspace/
SP:workspace sehejpahujaa$ cd mywebsite/
SP:mywebsite sehejpahujaa$ cd blog
SP:blog sehejpahujaa$ jekyll serve
Configuration file: /Users/sehejpahujaa/workspace/mywebsite/blog/_config.yml
            Source: /Users/sehejpahujaa/workspace/mywebsite/blog
       Destination: /Users/sehejpahujaa/workspace/mywebsite/blog/_site
 Incremental build: disabled. Enable with --incremental
      Generating... 
                    done in 0.409 seconds.
 Auto-regeneration: enabled for '/Users/sehejpahujaa/workspace/mywebsite/blog'
    Server address: http://127.0.0.1:4000/
  Server running... press ctrl-c to stop.
      Regenerating: 1 file(s) changed at 2018-03-21 18:34:03
                    _posts/2018-03-19-Get Inspired-.markdown
                    ...done in 0.130004 seconds.

รง^CSP:blog sehejpahujaa$ 
SP:blog sehejpahujaa$ jekyll serve
jekyll 3.7.3 | Error:  (/Users/sehejpahujaa/workspace/mywebsite/blog/_config.yml): could not find expected ':' while scanning a simple key at line 19 column 1
SP:blog sehejpahujaa$ jekyll serve
Configuration file: /Users/sehejpahujaa/workspace/mywebsite/blog/_config.yml
            Source: /Users/sehejpahujaa/workspace/mywebsite/blog
       Destination: /Users/sehejpahujaa/workspace/mywebsite/blog/_site
 Incremental build: disabled. Enable with --incremental
      Generating... 
                    done in 0.311 seconds.
 Auto-regeneration: enabled for '/Users/sehejpahujaa/workspace/mywebsite/blog'
    Server address: http://127.0.0.1:4000/
  Server running... press ctrl-c to stop.
^CSP:blog sehejpahujaa$ 
SP:blog sehejpahujaa$ git status
On branch master
Changes not staged for commit:
  (use "git add/rm <file>..." to update what will be committed)
  (use "git checkout -- <file>..." to discard changes in working directory)

	modified:   _config.yml
	deleted:    _posts/2018-03-19-photography-.markdown

Untracked files:
  (use "git add <file>..." to include in what will be committed)

	.DS_Store
	_posts/2018-03-19-Get Inspired-.markdown

no changes added to commit (use "git add" and/or "git commit -a")
SP:blog sehejpahujaa$ git add -A
SP:blog sehejpahujaa$ git commit -m "add welcome page"
[master 1f677eb] add welcome page
 Committer: sehej pahujaa <sehejpahujaa@SP.local>
Your name and email address were configured automatically based
on your username and hostname. Please check that they are accurate.
You can suppress this message by setting them explicitly. Run the
following command and follow the instructions in your editor to edit
your configuration file:

    git config --global --edit

After doing this, you may fix the identity used for this commit with:

    git commit --amend --reset-author

 3 files changed, 3 insertions(+), 5 deletions(-)
 create mode 100644 .DS_Store
 rename _posts/{2018-03-19-photography-.markdown => 2018-03-19-Get Inspired-.markdown} (97%)
SP:blog sehejpahujaa$ git push origin master
Counting objects: 6, done.
Delta compression using up to 8 threads.
Compressing objects: 100% (6/6), done.
Writing objects: 100% (6/6), 2.05 KiB | 2.05 MiB/s, done.
Total 6 (delta 2), reused 0 (delta 0)
remote: Resolving deltas: 100% (2/2), completed with 2 local objects.
To https://github.com/sehejpahujaa/sehejpahujaa.github.io.git
   e238223..1f677eb  master -> master
SP:blog sehejpahujaa$ jekyll serve
Configuration file: /Users/sehejpahujaa/workspace/mywebsite/blog/_config.yml
            Source: /Users/sehejpahujaa/workspace/mywebsite/blog
       Destination: /Users/sehejpahujaa/workspace/mywebsite/blog/_site
 Incremental build: disabled. Enable with --incremental
      Generating... 
                    done in 0.313 seconds.
 Auto-regeneration: enabled for '/Users/sehejpahujaa/workspace/mywebsite/blog'
    Server address: http://127.0.0.1:4000/
  Server running... press ctrl-c to stop.
[2018-03-21 18:49:40] ERROR Errno::ECONNRESET: Connection reset by peer @ io_fillbuf - fd:14 
	/Users/sehejpahujaa/.rvm/rubies/ruby-2.5.0/lib/ruby/2.5.0/webrick/httpserver.rb:82:in `eof?'
	/Users/sehejpahujaa/.rvm/rubies/ruby-2.5.0/lib/ruby/2.5.0/webrick/httpserver.rb:82:in `run'
	/Users/sehejpahujaa/.rvm/rubies/ruby-2.5.0/lib/ruby/2.5.0/webrick/server.rb:307:in `block in start_thread'
      Regenerating: 1 file(s) changed at 2018-03-21 18:56:14
                    _posts/2018-03-19-little but large-.markdown
                    ...done in 0.118205 seconds.

      Regenerating: 1 file(s) changed at 2018-03-21 18:59:41
                    _posts/2018-03-19-little but large-.markdown
                    ...done in 0.112474 seconds.

      Regenerating: 1 file(s) changed at 2018-03-21 19:03:02
                    _posts/2018-03-19-little but large-.markdown
                    ...done in 0.151123 seconds.

      Regenerating: 1 file(s) changed at 2018-03-21 19:03:26
                    _posts/2018-03-19-little but large-.markdown
                    ...done in 0.118949 seconds.

      Regenerating: 1 file(s) changed at 2018-03-21 19:15:27
                    _posts/2018-03-19-little but large-.markdown
                    ...done in 0.112575 seconds.

^CSP:blog sehejpahujaa$ jekyll serve
Configuration file: /Users/sehejpahujaa/workspace/mywebsite/blog/_config.yml
            Source: /Users/sehejpahujaa/workspace/mywebsite/blog
       Destination: /Users/sehejpahujaa/workspace/mywebsite/blog/_site
 Incremental build: disabled. Enable with --incremental
      Generating... 
                    done in 0.139 seconds.
 Auto-regeneration: enabled for '/Users/sehejpahujaa/workspace/mywebsite/blog'
    Server address: http://127.0.0.1:4000/
  Server running... press ctrl-c to stop.
      Regenerating: 1 file(s) changed at 2018-03-21 19:17:07
                    _posts/2018-03-19-little but large-.markdown
                    ...done in 0.154809 seconds.

      Regenerating: 1 file(s) changed at 2018-03-21 19:38:31
                    _posts/2018-03-19-little but large-.markdown
                    ...done in 0.12199 seconds.

^CSP:blog sehejpahujaa$ jekyll serve
Configuration file: /Users/sehejpahujaa/workspace/mywebsite/blog/_config.yml
            Source: /Users/sehejpahujaa/workspace/mywebsite/blog
       Destination: /Users/sehejpahujaa/workspace/mywebsite/blog/_site
 Incremental build: disabled. Enable with --incremental
      Generating... 
                    done in 0.141 seconds.
 Auto-regeneration: enabled for '/Users/sehejpahujaa/workspace/mywebsite/blog'
    Server address: http://127.0.0.1:4000/
  Server running... press ctrl-c to stop.
      Regenerating: 1 file(s) changed at 2018-03-21 19:40:17
                    _posts/2018-03-19-little but large-.markdown
                    ...done in 0.15302 seconds.

      Regenerating: 1 file(s) changed at 2018-03-21 19:41:01
                    _posts/2018-03-19-little but large-.markdown
                    ...done in 0.119083 seconds.

      Regenerating: 1 file(s) changed at 2018-03-21 19:41:05
                    _posts/2018-03-19-little but large-.markdown
                    ...done in 0.113633 seconds.

      Regenerating: 1 file(s) changed at 2018-03-21 19:41:35
                    _posts/2018-03-19-little but large-.markdown
                    ...done in 0.113719 seconds.

      Regenerating: 1 file(s) changed at 2018-03-21 19:42:09
                    _posts/2018-03-19-little but large-.markdown
                    ...done in 0.128405 seconds.

[2018-03-21 19:42:19] ERROR `/jekyll/update/2018/03/12/welcome-to-jekyll.html' not found.
^CSP:blog sehejpahujaa$ jekyll serve
Configuration file: /Users/sehejpahujaa/workspace/mywebsite/blog/_config.yml
            Source: /Users/sehejpahujaa/workspace/mywebsite/blog
       Destination: /Users/sehejpahujaa/workspace/mywebsite/blog/_site
 Incremental build: disabled. Enable with --incremental
      Generating... 
                    done in 0.139 seconds.
 Auto-regeneration: enabled for '/Users/sehejpahujaa/workspace/mywebsite/blog'
    Server address: http://127.0.0.1:4000/
  Server running... press ctrl-c to stop.
[2018-03-21 19:42:45] ERROR `/jekyll/update/2018/03/12/welcome-to-jekyll.html' not found.
[2018-03-21 19:42:50] ERROR `/jekyll/update/2018/03/12/welcome-to-jekyll.html' not found.
[2018-03-21 19:42:52] ERROR `/jekyll/update/2018/03/12/welcome-to-jekyll.html' not found.
[2018-03-21 19:42:56] ERROR `/jekyll/update/2018/03/12/welcome-to-jekyll.html' not found.
^CSP:blog sehejpahujaa$ git status
On branch master
Changes not staged for commit:
  (use "git add/rm <file>..." to update what will be committed)
  (use "git checkout -- <file>..." to discard changes in working directory)

	modified:   _config.yml
	deleted:    _posts/2018-03-19-welcome-to-jekyll.markdown

Untracked files:
  (use "git add <file>..." to include in what will be committed)

	_posts/.DS_Store
	_posts/2018-03-19-little but large-.markdown

no changes added to commit (use "git add" and/or "git commit -a")
SP:blog sehejpahujaa$ git add -A
SP:blog sehejpahujaa$ git commit -m "add 5 pics"
[master 037e106] add 5 pics
 Committer: sehej pahujaa <sehejpahujaa@SP.local>
Your name and email address were configured automatically based
on your username and hostname. Please check that they are accurate.
You can suppress this message by setting them explicitly. Run the
following command and follow the instructions in your editor to edit
your configuration file:

    git config --global --edit

After doing this, you may fix the identity used for this commit with:

    git commit --amend --reset-author

 4 files changed, 18 insertions(+), 26 deletions(-)
 create mode 100644 _posts/.DS_Store
 create mode 100644 _posts/2018-03-19-little but large-.markdown
 delete mode 100644 _posts/2018-03-19-welcome-to-jekyll.markdown
SP:blog sehejpahujaa$ git push origin master
Counting objects: 6, done.
Delta compression using up to 8 threads.
Compressing objects: 100% (6/6), done.
Writing objects: 100% (6/6), 1.48 KiB | 1.48 MiB/s, done.
Total 6 (delta 2), reused 0 (delta 0)
remote: Resolving deltas: 100% (2/2), completed with 2 local objects.
To https://github.com/sehejpahujaa/sehejpahujaa.github.io.git
   1f677eb..037e106  master -> master
SP:blog sehejpahujaa$ 
SP:blog sehejpahujaa$ git status
On branch master
Changes not staged for commit:
  (use "git add <file>..." to update what will be committed)
  (use "git checkout -- <file>..." to discard changes in working directory)

	modified:   _posts/2018-03-19-Get Inspired-.markdown
	modified:   _posts/2018-03-19-little but large-.markdown

no changes added to commit (use "git add" and/or "git commit -a")
SP:blog sehejpahujaa$ git add -a
error: unknown switch `a'
usage: git add [<options>] [--] <pathspec>...

    -n, --dry-run         dry run
    -v, --verbose         be verbose

    -i, --interactive     interactive picking
    -p, --patch           select hunks interactively
    -e, --edit            edit current diff and apply
    -f, --force           allow adding otherwise ignored files
    -u, --update          update tracked files
    -N, --intent-to-add   record only the fact that the path will be added later
    -A, --all             add changes from all tracked and untracked files
    --ignore-removal      ignore paths removed in the working tree (same as --no-all)
    --refresh             don't add, only refresh the index
    --ignore-errors       just skip files which cannot be added because of errors
    --ignore-missing      check if - even missing - files are ignored in dry run
    --chmod <(+/-)x>      override the executable bit of the listed files

SP:blog sehejpahujaa$ git add -m "add comments section"
error: unknown switch `m'
usage: git add [<options>] [--] <pathspec>...

    -n, --dry-run         dry run
    -v, --verbose         be verbose

    -i, --interactive     interactive picking
    -p, --patch           select hunks interactively
    -e, --edit            edit current diff and apply
    -f, --force           allow adding otherwise ignored files
    -u, --update          update tracked files
    -N, --intent-to-add   record only the fact that the path will be added later
    -A, --all             add changes from all tracked and untracked files
    --ignore-removal      ignore paths removed in the working tree (same as --no-all)
    --refresh             don't add, only refresh the index
    --ignore-errors       just skip files which cannot be added because of errors
    --ignore-missing      check if - even missing - files are ignored in dry run
    --chmod <(+/-)x>      override the executable bit of the listed files

SP:blog sehejpahujaa$ git push origin master
Everything up-to-date
SP:blog sehejpahujaa$ git status
On branch master
Changes not staged for commit:
  (use "git add <file>..." to update what will be committed)
  (use "git checkout -- <file>..." to discard changes in working directory)

	modified:   _posts/2018-03-19-Get Inspired-.markdown
	modified:   _posts/2018-03-19-little but large-.markdown

no changes added to commit (use "git add" and/or "git commit -a")
SP:blog sehejpahujaa$ git add-A
git: 'add-A' is not a git command. See 'git --help'.
SP:blog sehejpahujaa$ git add -A
SP:blog sehejpahujaa$ git commit -m "add comments"
[master 74acd36] add comments
 Committer: sehej pahujaa <sehejpahujaa@SP.local>
Your name and email address were configured automatically based
on your username and hostname. Please check that they are accurate.
You can suppress this message by setting them explicitly. Run the
following command and follow the instructions in your editor to edit
your configuration file:

    git config --global --edit

After doing this, you may fix the identity used for this commit with:

    git commit --amend --reset-author

 2 files changed, 24 insertions(+), 2 deletions(-)
SP:blog sehejpahujaa$ git push origin master
Counting objects: 5, done.
Delta compression using up to 8 threads.
Compressing objects: 100% (5/5), done.
Writing objects: 100% (5/5), 1.13 KiB | 1.13 MiB/s, done.
Total 5 (delta 4), reused 0 (delta 0)
remote: Resolving deltas: 100% (4/4), completed with 4 local objects.
To https://github.com/sehejpahujaa/sehejpahujaa.github.io.git
   037e106..74acd36  master -> master
SP:blog sehejpahujaa$ git status
On branch master
nothing to commit, working tree clean
SP:blog sehejpahujaa$ jekyll serve
Configuration file: /Users/sehejpahujaa/workspace/mywebsite/blog/_config.yml
            Source: /Users/sehejpahujaa/workspace/mywebsite/blog
       Destination: /Users/sehejpahujaa/workspace/mywebsite/blog/_site
 Incremental build: disabled. Enable with --incremental
      Generating... 
                    done in 0.147 seconds.
 Auto-regeneration: enabled for '/Users/sehejpahujaa/workspace/mywebsite/blog'
    Server address: http://127.0.0.1:4000/
  Server running... press ctrl-c to stop.
      Regenerating: 1 file(s) changed at 2018-03-21 19:55:02
                    _posts/2018-03-19-Get Inspired-.markdown
                    ...done in 0.155627 seconds.

      Regenerating: 1 file(s) changed at 2018-03-21 19:55:02
                    _posts/2018-03-19-Get Inspired-.markdown
                    ...done in 0.128636 seconds.

      Regenerating: 1 file(s) changed at 2018-03-21 19:55:04
                    _posts/2018-03-19-Get Inspired-.markdown
                    ...done in 0.129132 seconds.

      Regenerating: 1 file(s) changed at 2018-03-21 19:55:05
                    _posts/2018-03-19-Get Inspired-.markdown
                    ...done in 0.1365 seconds.

      Regenerating: 1 file(s) changed at 2018-03-21 19:55:06
                    _posts/2018-03-19-little but large-.markdown
                    ...done in 0.137393 seconds.

      Regenerating: 1 file(s) changed at 2018-03-21 19:55:07
                    _posts/2018-03-19-little but large-.markdown
                    ...done in 0.141861 seconds.

      Regenerating: 1 file(s) changed at 2018-03-21 19:55:52
                    _posts/2018-03-19-little but large-.markdown
                    ...done in 0.136979 seconds.

      Regenerating: 1 file(s) changed at 2018-03-21 19:55:53
                    _posts/2018-03-19-little but large-.markdown
                    ...done in 0.120166 seconds.

^CSP:blog sehejpahujaa$ 
SP:blog sehejpahujaa$ jekyll serve
Configuration file: /Users/sehejpahujaa/workspace/mywebsite/blog/_config.yml
            Source: /Users/sehejpahujaa/workspace/mywebsite/blog
       Destination: /Users/sehejpahujaa/workspace/mywebsite/blog/_site
 Incremental build: disabled. Enable with --incremental
      Generating... 
                    done in 0.165 seconds.
 Auto-regeneration: enabled for '/Users/sehejpahujaa/workspace/mywebsite/blog'
    Server address: http://127.0.0.1:4000/
  Server running... press ctrl-c to stop.
^CSP:blog sehejpahujaa$ jekyll serve
Configuration file: /Users/sehejpahujaa/workspace/mywebsite/blog/_config.yml
            Source: /Users/sehejpahujaa/workspace/mywebsite/blog
       Destination: /Users/sehejpahujaa/workspace/mywebsite/blog/_site
 Incremental build: disabled. Enable with --incremental
      Generating... 
                    done in 0.167 seconds.
 Auto-regeneration: enabled for '/Users/sehejpahujaa/workspace/mywebsite/blog'
    Server address: http://127.0.0.1:4000/
  Server running... press ctrl-c to stop.
^CSP:blog sehejpahujaa$ git status
On branch master
Changes not staged for commit:
  (use "git add <file>..." to update what will be committed)
  (use "git checkout -- <file>..." to discard changes in working directory)

	modified:   _posts/2018-03-19-little but large-.markdown

no changes added to commit (use "git add" and/or "git commit -a")
SP:blog sehejpahujaa$ git add -a
error: unknown switch `a'
usage: git add [<options>] [--] <pathspec>...

    -n, --dry-run         dry run
    -v, --verbose         be verbose

    -i, --interactive     interactive picking
    -p, --patch           select hunks interactively
    -e, --edit            edit current diff and apply
    -f, --force           allow adding otherwise ignored files
    -u, --update          update tracked files
    -N, --intent-to-add   record only the fact that the path will be added later
    -A, --all             add changes from all tracked and untracked files
    --ignore-removal      ignore paths removed in the working tree (same as --no-all)
    --refresh             don't add, only refresh the index
    --ignore-errors       just skip files which cannot be added because of errors
    --ignore-missing      check if - even missing - files are ignored in dry run
    --chmod <(+/-)x>      override the executable bit of the listed files

SP:blog sehejpahujaa$ git commit -m "add comments section"
On branch master
Changes not staged for commit:
	modified:   _posts/2018-03-19-little but large-.markdown

no changes added to commit
SP:blog sehejpahujaa$ git push origin master
Everything up-to-date
SP:blog sehejpahujaa$ 
SP:blog sehejpahujaa$ git status
On branch master
Changes not staged for commit:
  (use "git add <file>..." to update what will be committed)
  (use "git checkout -- <file>..." to discard changes in working directory)

	modified:   _posts/2018-03-19-little but large-.markdown

no changes added to commit (use "git add" and/or "git commit -a")
SP:blog sehejpahujaa$ git add -A
SP:blog sehejpahujaa$ git commit -m "add comments: true again"
[master 0414401] add comments: true again
 Committer: sehej pahujaa <sehejpahujaa@SP.local>
Your name and email address were configured automatically based
on your username and hostname. Please check that they are accurate.
You can suppress this message by setting them explicitly. Run the
following command and follow the instructions in your editor to edit
your configuration file:

    git config --global --edit

After doing this, you may fix the identity used for this commit with:

    git commit --amend --reset-author

 1 file changed, 1 insertion(+)
SP:blog sehejpahujaa$ git push origin master
Counting objects: 4, done.
Delta compression using up to 8 threads.
Compressing objects: 100% (4/4), done.
Writing objects: 100% (4/4), 369 bytes | 369.00 KiB/s, done.
Total 4 (delta 3), reused 0 (delta 0)
remote: Resolving deltas: 100% (3/3), completed with 3 local objects.
To https://github.com/sehejpahujaa/sehejpahujaa.github.io.git
   74acd36..0414401  master -> master
SP:blog sehejpahujaa$ 
